src/controllers/admin.controller.ts(6,27): error TS6133: 'req' is declared but its value is never read.
src/controllers/admin.controller.ts(30,21): error TS6133: 'req' is declared but its value is never read.
src/controllers/admin.controller.ts(51,56): error TS2345: Argument of type 'string | string[]' is not assignable to parameter of type 'string'.
  Type 'string[]' is not assignable to type 'string'.
src/controllers/donasi.controller.ts(49,66): error TS2345: Argument of type 'string | string[]' is not assignable to parameter of type 'string'.
  Type 'string[]' is not assignable to type 'string'.
src/controllers/donasi.controller.ts(57,29): error TS6133: 'req' is declared but its value is never read.
src/controllers/donasi.controller.ts(74,60): error TS2345: Argument of type 'string | string[]' is not assignable to parameter of type 'string'.
  Type 'string[]' is not assignable to type 'string'.
src/controllers/donasi.controller.ts(92,59): error TS2345: Argument of type 'string | string[]' is not assignable to parameter of type 'string'.
  Type 'string[]' is not assignable to type 'string'.
src/controllers/kegiatan.controller.ts(7,16): error TS6133: 'req' is declared but its value is never read.
src/controllers/kegiatan.controller.ts(21,54): error TS2345: Argument of type 'string | string[]' is not assignable to parameter of type 'string'.
  Type 'string[]' is not assignable to type 'string'.
src/controllers/kegiatan.controller.ts(71,53): error TS2345: Argument of type 'string | string[]' is not assignable to parameter of type 'string'.
  Type 'string[]' is not assignable to type 'string'.
src/controllers/kegiatan.controller.ts(89,59): error TS2345: Argument of type 'string | string[]' is not assignable to parameter of type 'string'.
  Type 'string[]' is not assignable to type 'string'.
src/controllers/smartfarm.controller.ts(49,55): error TS2345: Argument of type 'string | string[]' is not assignable to parameter of type 'string'.
  Type 'string[]' is not assignable to type 'string'.
src/middlewares/upload.middleware.ts(2,1): error TS6133: 'path' is declared but its value is never read.
src/middlewares/upload.middleware.ts(10,17): error TS6133: 'req' is declared but its value is never read.
src/middlewares/upload.middleware.ts(10,22): error TS6133: 'file' is declared but its value is never read.
src/middlewares/upload.middleware.ts(13,14): error TS6133: 'req' is declared but its value is never read.
src/middlewares/upload.middleware.ts(20,3): error TS6133: 'req' is declared but its value is never read.
src/services/ai.service.ts(2,1): error TS6133: 'AIQueryInput' is declared but its value is never read.
src/utils/jwt.ts(8,14): error TS2769: No overload matches this call.
  Overload 1 of 5, '(payload: string | object | Buffer<ArrayBufferLike>, secretOrPrivateKey: null, options?: (SignOptions & { algorithm: "none"; }) | undefined): string', gave the following error.
    Argument of type 'string' is not assignable to parameter of type 'null'.
  Overload 2 of 5, '(payload: string | object | Buffer<ArrayBufferLike>, secretOrPrivateKey: Buffer<ArrayBufferLike> | Secret | PrivateKeyInput | JsonWebKeyInput, options?: SignOptions | undefined): string', gave the following error.
    Type 'string' is not assignable to type 'number | StringValue | undefined'.
  Overload 3 of 5, '(payload: string | object | Buffer<ArrayBufferLike>, secretOrPrivateKey: Buffer<ArrayBufferLike> | Secret | PrivateKeyInput | JsonWebKeyInput, callback: SignCallback): void', gave the following error.
    Object literal may only specify known properties, and 'expiresIn' does not exist in type 'SignCallback'.
